== base: 594 records, grace 15s, load { 160.46 111.08 141.47 }
t=  1s beacon missing
t=  2s beacon_age=1s
t=  3s beacon_age=2s
t=  4s beacon_age=3s
t=  5s beacon_age=4s
t=  6s beacon_age=6s
t=  7s beacon_age=7s
t=  8s beacon_age=9s
t=  9s beacon_age=10s
t= 10s beacon_age=12s
t= 11s beacon_age=13s
t= 12s beacon_age=14s
t= 13s beacon_age=15s
t= 14s beacon_age=16s
t= 15s beacon_age=18s
t= 16s beacon_age=19s
t= 17s beacon_age=20s
t= 18s beacon_age=21s
t= 19s beacon_age=23s
t= 20s beacon_age=24s
t= 21s beacon_age=25s
t= 22s beacon_age=26s
t= 23s beacon_age=27s
t= 24s beacon_age=29s
t= 25s beacon_age=30s
t= 26s beacon_age=31s
t= 27s beacon_age=32s
t= 28s beacon_age=34s
t= 29s beacon_age=35s
t= 30s beacon_age=36s
t= 31s beacon_age=37s
t= 32s beacon_age=38s
t= 33s beacon_age=40s
t= 34s beacon_age=41s
t= 35s beacon_age=42s
t= 36s beacon_age=43s
t= 37s beacon_age=44s
t= 38s beacon_age=46s
t= 39s beacon_age=47s
t= 40s beacon_age=48s
t= 41s beacon_age=49s
t= 42s beacon_age=50s
t= 43s beacon_age=52s
t= 44s beacon_age=53s
t= 45s beacon_age=54s
   second arm at t=45s rc=1: watcher: lock held by live pid 23907 but heartbeat is stale for 55s (>15s); inspect or stop that watcher before re-arming.
t= 46s beacon_age=56s
t= 47s beacon_age=58s
t= 48s beacon_age=59s
t= 49s beacon_age=60s
t= 50s beacon_age=61s
t= 51s beacon_age=62s
t= 52s beacon_age=64s
t= 53s beacon_age=65s
t= 54s beacon_age=66s
t= 55s beacon_age=67s
t= 56s beacon_age=69s
t= 57s beacon_age=70s
t= 58s beacon_age=71s
t= 59s beacon_age=72s
t= 60s beacon_age=74s
t= 61s beacon_age=75s
t= 62s beacon_age=76s
t= 63s beacon_age=77s
t= 64s beacon_age=78s
t= 65s beacon_age=80s
t= 66s beacon_age=81s
t= 67s beacon_age=82s
t= 68s beacon_age=83s
t= 69s beacon_age=84s
t= 70s beacon_age=86s
t= 71s beacon_age=87s
t= 72s beacon_age=88s
t= 73s beacon_age=89s
t= 74s beacon_age=90s
t= 75s beacon_age=92s
t= 76s beacon_age=93s
t= 77s beacon_age=94s
t= 78s beacon_age=95s
t= 79s beacon_age=96s
t= 80s beacon_age=98s
t= 81s beacon_age=99s
t= 82s beacon_age=100s
t= 83s beacon_age=101s
t= 84s beacon_age=102s
t= 85s beacon_age=104s
t= 86s beacon_age=105s
t= 87s beacon_age=106s
t= 88s beacon_age=107s
t= 89s beacon_age=108s
t= 90s beacon_age=109s
== base: max beacon age 109s over 90s; second arm rc=1
