T2_WATCH_OUTPUT=signal: /private/var/folders/tv/b4_jb7290610qhwsd01ngyhr0000gq/T/fm-watch-recovery-loop.i7j3LO/recovery-gap-successor/state/crew.status 
T2_QUEUE_ROW=1790399429	2	signal	crew.status	signal: /private/var/folders/tv/b4_jb7290610qhwsd01ngyhr0000gq/T/fm-watch-recovery-loop.i7j3LO/recovery-gap-successor/state/crew.status
ok - a resurfacing handling successor stays alive and supervises instead of going blind
node:internal/modules/esm/get_format:160
  throw new ERR_UNKNOWN_FILE_EXTENSION(ext, filepath);
        ^

TypeError [ERR_UNKNOWN_FILE_EXTENSION]: Unknown file extension ".ts" for /private/var/folders/tv/b4_jb7290610qhwsd01ngyhr0000gq/T/fm-watch-recovery-loop.i7j3LO/t1-root/.pi/extensions/fm-primary-pi-watch.ts
    at Object.getFileProtocolModuleFormat [as file:] (node:internal/modules/esm/get_format:160:9)
    at defaultGetFormat (node:internal/modules/esm/get_format:203:36)
    at defaultLoad (node:internal/modules/esm/load:143:22)
    at async ModuleLoader.load (node:internal/modules/esm/loader:409:7)
    at async ModuleLoader.moduleProvider (node:internal/modules/esm/loader:291:45)
    at async link (node:internal/modules/esm/module_job:76:21) {
  code: 'ERR_UNKNOWN_FILE_EXTENSION'
}

Node.js v20.11.1
not ok - an unacknowledged recovery must be announced at most once per generation: node:internal/modules/esm/get_format:160
  throw new ERR_UNKNOWN_FILE_EXTENSION(ext, filepath);
        ^

TypeError [ERR_UNKNOWN_FILE_EXTENSION]: Unknown file extension ".ts" for /private/var/folders/tv/b4_jb7290610qhwsd01ngyhr0000gq/T/fm-watch-recovery-loop.i7j3LO/t1-root/.pi/extensions/fm-primary-pi-watch.ts
    at Object.getFileProtocolModuleFormat [as file:] (node:internal/modules/esm/get_format:160:9)
    at defaultGetFormat (node:internal/modules/esm/get_format:203:36)
    at defaultLoad (node:internal/modules/esm/load:143:22)
    at async ModuleLoader.load (node:internal/modules/esm/loader:409:7)
    at async ModuleLoader.moduleProvider (node:internal/modules/esm/loader:291:45)
    at async link (node:internal/modules/esm/module_job:76:21) {
  code: 'ERR_UNKNOWN_FILE_EXTENSION'
}

Node.js v20.11.1: expected exit 0, got 1
exit=1
