[base] code=/var/folders/tv/b4_jb7290610qhwsd01ngyhr0000gq/T//fm-base.Lz5wW0 lab=/var/folders/tv/b4_jb7290610qhwsd01ngyhr0000gq/T//fm-lab.K9b98Y grace=12s, 8 checks x 3s
t+02s beacon_age= 1s checks_run= guard=[]
t+04s beacon_age= 4s checks_run=1 guard=[]
t+06s beacon_age= 7s checks_run=2 guard=[]
t+08s beacon_age=10s checks_run=3 guard=[]
t+10s beacon_age=13s checks_run=4 guard=[●━━━━━━━━━━━━━━━━━━━━━━━━━━━━━━━━━━━━━━━━━━━━━━━━━━━━━━━━━━━━━━━━━━━━━━━ ●  WATCHER DOWN - SUPERVISION IS OFF ●  1 task(s) in flight, but no watcher has a fresh]
t+12s beacon_age=17s checks_run=5 guard=[WARNING: watcher still down (same stale episode; last beat: 17s ago, grace 12s) - full banner already printed this episode. ]
t+14s beacon_age=20s checks_run=5 guard=[WARNING: watcher still down (same stale episode; last beat: 20s ago, grace 12s) - full banner already printed this episode. ]
t+16s beacon_age=23s checks_run=6 guard=[WARNING: watcher still down (same stale episode; last beat: 23s ago, grace 12s) - full banner already printed this episode. ]
t+18s beacon_age=26s checks_run=7 guard=[WARNING: watcher still down (same stale episode; last beat: 26s ago, grace 12s) - full banner already printed this episode. ]
t+20s beacon_age=29s checks_run=8 guard=[WARNING: watcher still down (same stale episode; last beat: 29s ago, grace 12s) - full banner already printed this episode. ]
t+22s beacon_age=31s checks_run=8 guard=[WARNING: watcher still down (same stale episode; last beat: 32s ago, grace 12s) - full banner already printed this episode. ]
t+24s beacon_age= 1s checks_run=8 guard=[]
t+26s beacon_age= 4s checks_run=9 guard=[]
t+28s beacon_age= 7s checks_run=10 guard=[]
t+30s beacon_age=10s checks_run=11 guard=[]
t+32s beacon_age=12s checks_run=12 guard=[●━━━━━━━━━━━━━━━━━━━━━━━━━━━━━━━━━━━━━━━━━━━━━━━━━━━━━━━━━━━━━━━━━━━━━━━ ●  WATCHER DOWN - SUPERVISION IS OFF ●  1 task(s) in flight, but no watcher has a fresh]
t+34s beacon_age=16s checks_run=13 guard=[WARNING: watcher still down (same stale episode; last beat: 16s ago, grace 12s) - full banner already printed this episode. ]
t+36s beacon_age=19s checks_run=13 guard=[WARNING: watcher still down (same stale episode; last beat: 19s ago, grace 12s) - full banner already printed this episode. ]
t+38s beacon_age=22s checks_run=14 guard=[WARNING: watcher still down (same stale episode; last beat: 22s ago, grace 12s) - full banner already printed this episode. ]
t+40s beacon_age=25s checks_run=15 guard=[WARNING: watcher still down (same stale episode; last beat: 25s ago, grace 12s) - full banner already printed this episode. ]
t+42s beacon_age=27s checks_run=16 guard=[WARNING: watcher still down (same stale episode; last beat: 27s ago, grace 12s) - full banner already printed this episode. ]
t+44s beacon_age=30s checks_run=16 guard=[WARNING: watcher still down (same stale episode; last beat: 30s ago, grace 12s) - full banner already printed this episode. ]
t+46s beacon_age= 1s checks_run=17 guard=[]
t+48s beacon_age= 4s checks_run=17 guard=[]
t+50s beacon_age= 7s checks_run=18 guard=[]
[base] RESULT worst_beacon_age=31s guard_alarm_samples=14 watcher_alive=yes
