[head] code=/Users/marsjohn/.no-mistakes/worktrees/45849cd9dd00/01M3DWT44H0T7B1WSJZCW6TGK4 lab=/var/folders/tv/b4_jb7290610qhwsd01ngyhr0000gq/T//fm-lab.hL4ZUI grace=12s, 8 checks x 3s
/Users/marsjohn/.no-mistakes/evidence/01M3DWT44H0T7B1WSJZCW6TGK4/lab-sweep-guard.sh: line 31: /var/folders/tv/b4_jb7290610qhwsd01ngyhr0000gq/T//fm-lab.hL4ZUI/checks.log: No such file or directory
t+02s beacon_age= 0s checks_run= guard=[]
t+04s beacon_age= 1s checks_run=1 guard=[]
t+06s beacon_age= 0s checks_run=2 guard=[]
t+08s beacon_age= 0s checks_run=3 guard=[]
t+10s beacon_age= 3s checks_run=3 guard=[]
t+12s beacon_age= 2s checks_run=4 guard=[]
t+14s beacon_age= 2s checks_run=5 guard=[]
t+16s beacon_age= 1s checks_run=6 guard=[]
t+18s beacon_age= 0s checks_run=7 guard=[]
t+20s beacon_age= 2s checks_run=7 guard=[]
t+22s beacon_age= 2s checks_run=8 guard=[]
t+24s beacon_age= 1s checks_run=8 guard=[]
t+26s beacon_age= 2s checks_run=9 guard=[]
t+28s beacon_age= 1s checks_run=10 guard=[]
t+30s beacon_age= 0s checks_run=11 guard=[]
t+32s beacon_age= 3s checks_run=12 guard=[]
t+34s beacon_age= 3s checks_run=12 guard=[]
t+36s beacon_age= 2s checks_run=13 guard=[]
t+38s beacon_age= 2s checks_run=14 guard=[]
t+40s beacon_age= 1s checks_run=15 guard=[]
t+42s beacon_age= 1s checks_run=16 guard=[]
t+44s beacon_age= 4s checks_run=16 guard=[]
t+46s beacon_age= 0s checks_run=16 guard=[]
t+48s beacon_age= 2s checks_run=17 guard=[]
t+50s beacon_age= 1s checks_run=18 guard=[]
[head] RESULT worst_beacon_age=4s guard_alarm_samples=0 watcher_alive=yes
